// Jest Snapshot v1, https://goo.gl/fbAQLP

exports[`Rating about render compare with snapshot 1`] = `
ShallowWrapper {
  Symbol(enzyme.__root__): [Circular],
  Symbol(enzyme.__unrendered__): <Rating
    author=""
    ratingDesc=""
    type="vertical"
  />,
  Symbol(enzyme.__renderer__): Object {
    "batchedUpdates": [Function],
    "checkPropTypes": [Function],
    "getNode": [Function],
    "render": [Function],
    "simulateError": [Function],
    "simulateEvent": [Function],
    "unmount": [Function],
  },
  Symbol(enzyme.__node__): Object {
    "instance": null,
    "key": undefined,
    "nodeType": "function",
    "props": Object {
      "children": Array [
        <div
          className="Rating vertical"
        >
          <div
            className="Rating__wrapper"
          >
            <div
              className="Rating__rate"
            >
              <span
                className="circle "
              >
                평가 총 5점 중 undefined점
              </span>
              <span
                className="circle "
              >
                평가 총 5점 중 undefined점
              </span>
              <span
                className="circle "
              >
                평가 총 5점 중 undefined점
              </span>
              <span
                className="circle "
              >
                평가 총 5점 중 undefined점
              </span>
              <span
                className="circle "
              >
                평가 총 5점 중 undefined점
              </span>
            </div>
            <div
              className="Rating__desc"
            >
              
            </div>
          </div>
        </div>,
        false,
      ],
    },
    "ref": null,
    "rendered": Array [
      Object {
        "instance": null,
        "key": undefined,
        "nodeType": "host",
        "props": Object {
          "children": <div
            className="Rating__wrapper"
          >
            <div
              className="Rating__rate"
            >
              <span
                className="circle "
              >
                평가 총 5점 중 undefined점
              </span>
              <span
                className="circle "
              >
                평가 총 5점 중 undefined점
              </span>
              <span
                className="circle "
              >
                평가 총 5점 중 undefined점
              </span>
              <span
                className="circle "
              >
                평가 총 5점 중 undefined점
              </span>
              <span
                className="circle "
              >
                평가 총 5점 중 undefined점
              </span>
            </div>
            <div
              className="Rating__desc"
            >
              
            </div>
          </div>,
          "className": "Rating vertical",
        },
        "ref": null,
        "rendered": Object {
          "instance": null,
          "key": undefined,
          "nodeType": "host",
          "props": Object {
            "children": Array [
              <div
                className="Rating__rate"
              >
                <span
                  className="circle "
                >
                  평가 총 5점 중 undefined점
                </span>
                <span
                  className="circle "
                >
                  평가 총 5점 중 undefined점
                </span>
                <span
                  className="circle "
                >
                  평가 총 5점 중 undefined점
                </span>
                <span
                  className="circle "
                >
                  평가 총 5점 중 undefined점
                </span>
                <span
                  className="circle "
                >
                  평가 총 5점 중 undefined점
                </span>
              </div>,
              <div
                className="Rating__desc"
              >
                
              </div>,
            ],
            "className": "Rating__wrapper",
          },
          "ref": null,
          "rendered": Array [
            Object {
              "instance": null,
              "key": undefined,
              "nodeType": "host",
              "props": Object {
                "children": Array [
                  <span
                    className="circle "
                  >
                    평가 총 5점 중 undefined점
                  </span>,
                  <span
                    className="circle "
                  >
                    평가 총 5점 중 undefined점
                  </span>,
                  <span
                    className="circle "
                  >
                    평가 총 5점 중 undefined점
                  </span>,
                  <span
                    className="circle "
                  >
                    평가 총 5점 중 undefined점
                  </span>,
                  <span
                    className="circle "
                  >
                    평가 총 5점 중 undefined점
                  </span>,
                ],
                "className": "Rating__rate",
              },
              "ref": null,
              "rendered": Array [
                Object {
                  "instance": null,
                  "key": "1",
                  "nodeType": "host",
                  "props": Object {
                    "children": "평가 총 5점 중 undefined점",
                    "className": "circle ",
                  },
                  "ref": null,
                  "rendered": "평가 총 5점 중 undefined점",
                  "type": "span",
                },
                Object {
                  "instance": null,
                  "key": "2",
                  "nodeType": "host",
                  "props": Object {
                    "children": "평가 총 5점 중 undefined점",
                    "className": "circle ",
                  },
                  "ref": null,
                  "rendered": "평가 총 5점 중 undefined점",
                  "type": "span",
                },
                Object {
                  "instance": null,
                  "key": "3",
                  "nodeType": "host",
                  "props": Object {
                    "children": "평가 총 5점 중 undefined점",
                    "className": "circle ",
                  },
                  "ref": null,
                  "rendered": "평가 총 5점 중 undefined점",
                  "type": "span",
                },
                Object {
                  "instance": null,
                  "key": "4",
                  "nodeType": "host",
                  "props": Object {
                    "children": "평가 총 5점 중 undefined점",
                    "className": "circle ",
                  },
                  "ref": null,
                  "rendered": "평가 총 5점 중 undefined점",
                  "type": "span",
                },
                Object {
                  "instance": null,
                  "key": "5",
                  "nodeType": "host",
                  "props": Object {
                    "children": "평가 총 5점 중 undefined점",
                    "className": "circle ",
                  },
                  "ref": null,
                  "rendered": "평가 총 5점 중 undefined점",
                  "type": "span",
                },
              ],
              "type": "div",
            },
            Object {
              "instance": null,
              "key": undefined,
              "nodeType": "host",
              "props": Object {
                "children": "",
                "className": "Rating__desc",
              },
              "ref": null,
              "rendered": "",
              "type": "div",
            },
          ],
          "type": "div",
        },
        "type": "div",
      },
      false,
    ],
    "type": Symbol(react.fragment),
  },
  Symbol(enzyme.__nodes__): Array [
    Object {
      "instance": null,
      "key": undefined,
      "nodeType": "function",
      "props": Object {
        "children": Array [
          <div
            className="Rating vertical"
          >
            <div
              className="Rating__wrapper"
            >
              <div
                className="Rating__rate"
              >
                <span
                  className="circle "
                >
                  평가 총 5점 중 undefined점
                </span>
                <span
                  className="circle "
                >
                  평가 총 5점 중 undefined점
                </span>
                <span
                  className="circle "
                >
                  평가 총 5점 중 undefined점
                </span>
                <span
                  className="circle "
                >
                  평가 총 5점 중 undefined점
                </span>
                <span
                  className="circle "
                >
                  평가 총 5점 중 undefined점
                </span>
              </div>
              <div
                className="Rating__desc"
              >
                
              </div>
            </div>
          </div>,
          false,
        ],
      },
      "ref": null,
      "rendered": Array [
        Object {
          "instance": null,
          "key": undefined,
          "nodeType": "host",
          "props": Object {
            "children": <div
              className="Rating__wrapper"
            >
              <div
                className="Rating__rate"
              >
                <span
                  className="circle "
                >
                  평가 총 5점 중 undefined점
                </span>
                <span
                  className="circle "
                >
                  평가 총 5점 중 undefined점
                </span>
                <span
                  className="circle "
                >
                  평가 총 5점 중 undefined점
                </span>
                <span
                  className="circle "
                >
                  평가 총 5점 중 undefined점
                </span>
                <span
                  className="circle "
                >
                  평가 총 5점 중 undefined점
                </span>
              </div>
              <div
                className="Rating__desc"
              >
                
              </div>
            </div>,
            "className": "Rating vertical",
          },
          "ref": null,
          "rendered": Object {
            "instance": null,
            "key": undefined,
            "nodeType": "host",
            "props": Object {
              "children": Array [
                <div
                  className="Rating__rate"
                >
                  <span
                    className="circle "
                  >
                    평가 총 5점 중 undefined점
                  </span>
                  <span
                    className="circle "
                  >
                    평가 총 5점 중 undefined점
                  </span>
                  <span
                    className="circle "
                  >
                    평가 총 5점 중 undefined점
                  </span>
                  <span
                    className="circle "
                  >
                    평가 총 5점 중 undefined점
                  </span>
                  <span
                    className="circle "
                  >
                    평가 총 5점 중 undefined점
                  </span>
                </div>,
                <div
                  className="Rating__desc"
                >
                  
                </div>,
              ],
              "className": "Rating__wrapper",
            },
            "ref": null,
            "rendered": Array [
              Object {
                "instance": null,
                "key": undefined,
                "nodeType": "host",
                "props": Object {
                  "children": Array [
                    <span
                      className="circle "
                    >
                      평가 총 5점 중 undefined점
                    </span>,
                    <span
                      className="circle "
                    >
                      평가 총 5점 중 undefined점
                    </span>,
                    <span
                      className="circle "
                    >
                      평가 총 5점 중 undefined점
                    </span>,
                    <span
                      className="circle "
                    >
                      평가 총 5점 중 undefined점
                    </span>,
                    <span
                      className="circle "
                    >
                      평가 총 5점 중 undefined점
                    </span>,
                  ],
                  "className": "Rating__rate",
                },
                "ref": null,
                "rendered": Array [
                  Object {
                    "instance": null,
                    "key": "1",
                    "nodeType": "host",
                    "props": Object {
                      "children": "평가 총 5점 중 undefined점",
                      "className": "circle ",
                    },
                    "ref": null,
                    "rendered": "평가 총 5점 중 undefined점",
                    "type": "span",
                  },
                  Object {
                    "instance": null,
                    "key": "2",
                    "nodeType": "host",
                    "props": Object {
                      "children": "평가 총 5점 중 undefined점",
                      "className": "circle ",
                    },
                    "ref": null,
                    "rendered": "평가 총 5점 중 undefined점",
                    "type": "span",
                  },
                  Object {
                    "instance": null,
                    "key": "3",
                    "nodeType": "host",
                    "props": Object {
                      "children": "평가 총 5점 중 undefined점",
                      "className": "circle ",
                    },
                    "ref": null,
                    "rendered": "평가 총 5점 중 undefined점",
                    "type": "span",
                  },
                  Object {
                    "instance": null,
                    "key": "4",
                    "nodeType": "host",
                    "props": Object {
                      "children": "평가 총 5점 중 undefined점",
                      "className": "circle ",
                    },
                    "ref": null,
                    "rendered": "평가 총 5점 중 undefined점",
                    "type": "span",
                  },
                  Object {
                    "instance": null,
                    "key": "5",
                    "nodeType": "host",
                    "props": Object {
                      "children": "평가 총 5점 중 undefined점",
                      "className": "circle ",
                    },
                    "ref": null,
                    "rendered": "평가 총 5점 중 undefined점",
                    "type": "span",
                  },
                ],
                "type": "div",
              },
              Object {
                "instance": null,
                "key": undefined,
                "nodeType": "host",
                "props": Object {
                  "children": "",
                  "className": "Rating__desc",
                },
                "ref": null,
                "rendered": "",
                "type": "div",
              },
            ],
            "type": "div",
          },
          "type": "div",
        },
        false,
      ],
      "type": Symbol(react.fragment),
    },
  ],
  Symbol(enzyme.__options__): Object {
    "adapter": ReactSixteenAdapter {
      "options": Object {
        "enableComponentDidUpdateOnSetState": true,
        "legacyContextMode": "parent",
        "lifecycles": Object {
          "componentDidUpdate": Object {
            "onSetState": true,
          },
          "getChildContext": Object {
            "calledByRenderer": false,
          },
          "getDerivedStateFromError": true,
          "getDerivedStateFromProps": Object {
            "hasShouldComponentUpdateBug": false,
          },
          "getSnapshotBeforeUpdate": true,
          "setState": Object {
            "skipsComponentDidUpdateOnNullish": true,
          },
        },
      },
    },
  },
}
`;
