// Jest Snapshot v1, https://goo.gl/fbAQLP

exports[`InputForm about render compare with snapshot 1`] = `
ShallowWrapper {
  Symbol(enzyme.__root__): [Circular],
  Symbol(enzyme.__unrendered__): <InputForm
    initialValue=""
    uiState="default"
  />,
  Symbol(enzyme.__renderer__): Object {
    "batchedUpdates": [Function],
    "checkPropTypes": [Function],
    "getNode": [Function],
    "render": [Function],
    "simulateError": [Function],
    "simulateEvent": [Function],
    "unmount": [Function],
  },
  Symbol(enzyme.__node__): Object {
    "instance": null,
    "key": undefined,
    "nodeType": "host",
    "props": Object {
      "children": Array [
        <div
          className="InputForm__wrapper "
        >
          <textarea
            className="InputForm__textarea "
            disabled={false}
            onChange={[Function]}
            placeholder="입력창 입니다."
            value=""
          />
          <span
            className="InputForm__word_count"
          >
            500
          </span>
        </div>,
        "",
      ],
      "className": "InputForm",
    },
    "ref": null,
    "rendered": Array [
      Object {
        "instance": null,
        "key": undefined,
        "nodeType": "host",
        "props": Object {
          "children": Array [
            <textarea
              className="InputForm__textarea "
              disabled={false}
              onChange={[Function]}
              placeholder="입력창 입니다."
              value=""
            />,
            <span
              className="InputForm__word_count"
            >
              500
            </span>,
          ],
          "className": "InputForm__wrapper ",
        },
        "ref": null,
        "rendered": Array [
          Object {
            "instance": null,
            "key": undefined,
            "nodeType": "host",
            "props": Object {
              "className": "InputForm__textarea ",
              "disabled": false,
              "onChange": [Function],
              "placeholder": "입력창 입니다.",
              "value": "",
            },
            "ref": null,
            "rendered": null,
            "type": "textarea",
          },
          Object {
            "instance": null,
            "key": undefined,
            "nodeType": "host",
            "props": Object {
              "children": 500,
              "className": "InputForm__word_count",
            },
            "ref": null,
            "rendered": 500,
            "type": "span",
          },
        ],
        "type": "div",
      },
      "",
    ],
    "type": "div",
  },
  Symbol(enzyme.__nodes__): Array [
    Object {
      "instance": null,
      "key": undefined,
      "nodeType": "host",
      "props": Object {
        "children": Array [
          <div
            className="InputForm__wrapper "
          >
            <textarea
              className="InputForm__textarea "
              disabled={false}
              onChange={[Function]}
              placeholder="입력창 입니다."
              value=""
            />
            <span
              className="InputForm__word_count"
            >
              500
            </span>
          </div>,
          "",
        ],
        "className": "InputForm",
      },
      "ref": null,
      "rendered": Array [
        Object {
          "instance": null,
          "key": undefined,
          "nodeType": "host",
          "props": Object {
            "children": Array [
              <textarea
                className="InputForm__textarea "
                disabled={false}
                onChange={[Function]}
                placeholder="입력창 입니다."
                value=""
              />,
              <span
                className="InputForm__word_count"
              >
                500
              </span>,
            ],
            "className": "InputForm__wrapper ",
          },
          "ref": null,
          "rendered": Array [
            Object {
              "instance": null,
              "key": undefined,
              "nodeType": "host",
              "props": Object {
                "className": "InputForm__textarea ",
                "disabled": false,
                "onChange": [Function],
                "placeholder": "입력창 입니다.",
                "value": "",
              },
              "ref": null,
              "rendered": null,
              "type": "textarea",
            },
            Object {
              "instance": null,
              "key": undefined,
              "nodeType": "host",
              "props": Object {
                "children": 500,
                "className": "InputForm__word_count",
              },
              "ref": null,
              "rendered": 500,
              "type": "span",
            },
          ],
          "type": "div",
        },
        "",
      ],
      "type": "div",
    },
  ],
  Symbol(enzyme.__options__): Object {
    "adapter": ReactSixteenAdapter {
      "options": Object {
        "enableComponentDidUpdateOnSetState": true,
        "legacyContextMode": "parent",
        "lifecycles": Object {
          "componentDidUpdate": Object {
            "onSetState": true,
          },
          "getChildContext": Object {
            "calledByRenderer": false,
          },
          "getDerivedStateFromError": true,
          "getDerivedStateFromProps": Object {
            "hasShouldComponentUpdateBug": false,
          },
          "getSnapshotBeforeUpdate": true,
          "setState": Object {
            "skipsComponentDidUpdateOnNullish": true,
          },
        },
      },
    },
  },
  Symbol(enzyme.__childContext__): null,
}
`;
